mode: set
proks/internal/cache/cache.go:72.62,72.75 1 1
proks/internal/cache/cache.go:88.2,88.19 1 1
proks/internal/cache/cache.go:89.3,90.1 1 0
proks/internal/cache/cache.go:91.2,91.22 1 1
proks/internal/cache/cache.go:92.3,93.1 1 1
proks/internal/cache/cache.go:94.2,99.1 1 1
proks/internal/cache/cache.go:103.2,103.19 1 0
proks/internal/cache/cache.go:104.3,105.1 1 0
proks/internal/cache/cache.go:106.2,109.46 4 0
proks/internal/cache/cache.go:113.2,115.1 4 1
proks/internal/cache/cache.go:116.2,117.9 4 1
proks/internal/cache/cache.go:118.3,119.1 1 1
proks/internal/cache/cache.go:120.2,120.70 1 1
proks/internal/cache/cache.go:121.3,123.1 2 0
proks/internal/cache/cache.go:124.2,127.20 4 1
proks/internal/cache/cache.go:131.2,131.20 1 1
proks/internal/cache/cache.go:132.3,133.1 1 0
proks/internal/cache/cache.go:134.2,136.1 3 1
proks/internal/cache/cache.go:137.2,137.32 3 1
proks/internal/cache/cache.go:138.3,138.40 1 0
proks/internal/cache/cache.go:139.4,139.73 1 0
proks/internal/cache/cache.go:140.5,140.60 1 0
proks/internal/cache/cache.go:141.6,143.1 2 0
proks/internal/cache/cache.go:147.2,147.45 1 1
proks/internal/cache/cache.go:148.3,149.1 1 0
proks/internal/cache/cache.go:151.2,151.36 1 1
proks/internal/cache/cache.go:152.3,155.1 3 0
proks/internal/cache/cache.go:156.2,158.31 3 1
proks/internal/cache/cache.go:159.3,160.18 2 0
proks/internal/cache/cache.go:161.4,163.1 2 0
proks/internal/cache/cache.go:165.2,165.13 1 1
proks/internal/cache/cache.go:169.2,172.1 3 0
proks/internal/cache/cache.go:175.2,177.1 4 0
proks/internal/cache/cache.go:178.2,179.49 4 0
proks/internal/cache/cache.go:180.3,180.36 1 0
proks/internal/cache/cache.go:181.4,182.1 1 0
proks/internal/cache/cache.go:184.2,184.49 1 0
proks/internal/cache/cache.go:188.2,189.1 1 0
proks/internal/cache/cache.go:192.2,195.1 3 1
proks/internal/cache/cache.go:198.2,199.1 1 0
proks/internal/cache/cache.go:202.2,203.9 2 0
proks/internal/cache/cache.go:204.3,205.1 1 0
proks/internal/cache/cache.go:206.2,207.21 2 0
proks/internal/cache/cache.go:211.2,213.1 2 1
proks/internal/cache/cache.go:216.2,216.15 1 1
proks/internal/cache/cache.go:217.3,218.1 1 0
proks/internal/cache/cache.go:219.2,221.12 3 1
proks/internal/cache/lru_window.go:19.2,19.15 1 1
proks/internal/cache/lru_window.go:20.3,21.1 1 0
proks/internal/cache/lru_window.go:22.2,26.1 1 1
proks/internal/cache/lru_window.go:30.2,30.15 1 1
proks/internal/cache/lru_window.go:31.3,32.1 1 0
proks/internal/cache/lru_window.go:33.2,35.1 3 1
proks/internal/cache/lru_window.go:36.2,36.35 3 1
proks/internal/cache/lru_window.go:37.3,39.1 2 1
proks/internal/cache/lru_window.go:40.2,41.32 2 1
proks/internal/cache/lru_window.go:42.3,43.18 2 0
proks/internal/cache/lru_window.go:44.4,47.1 3 0
proks/internal/cache/lru_window.go:49.2,49.13 1 1
proks/internal/cache/lru_window.go:53.2,53.15 1 1
proks/internal/cache/lru_window.go:54.3,55.1 1 0
proks/internal/cache/lru_window.go:56.2,59.11 4 1
proks/internal/cache/lru_window.go:63.2,63.15 1 0
proks/internal/cache/lru_window.go:64.3,65.1 1 0
proks/internal/cache/lru_window.go:66.2,68.35 3 0
proks/internal/cache/lru_window.go:69.3,71.1 2 0
proks/internal/cache/lru_window.go:75.2,78.1 3 1
proks/internal/cache/tinylfu.go:26.2,26.16 1 1
proks/internal/cache/tinylfu.go:27.3,28.1 1 0
proks/internal/cache/tinylfu.go:29.2,29.16 1 1
proks/internal/cache/tinylfu.go:30.3,31.1 1 0
proks/internal/cache/tinylfu.go:32.2,37.1 2 1
proks/internal/cache/tinylfu.go:38.2,38.28 2 1
proks/internal/cache/tinylfu.go:39.3,40.1 1 1
proks/internal/cache/tinylfu.go:41.2,41.10 1 1
proks/internal/cache/tinylfu.go:45.2,45.15 1 1
proks/internal/cache/tinylfu.go:46.3,47.1 1 0
proks/internal/cache/tinylfu.go:48.2,50.31 3 1
proks/internal/cache/tinylfu.go:51.3,52.38 2 1
proks/internal/cache/tinylfu.go:53.4,54.1 1 1
proks/internal/cache/tinylfu.go:56.2,57.35 2 1
proks/internal/cache/tinylfu.go:58.3,59.1 1 1
proks/internal/cache/tinylfu.go:63.2,63.15 1 1
proks/internal/cache/tinylfu.go:64.3,65.1 1 0
proks/internal/cache/tinylfu.go:66.2,69.31 4 1
proks/internal/cache/tinylfu.go:70.3,72.18 3 1
proks/internal/cache/tinylfu.go:73.4,74.1 1 1
proks/internal/cache/tinylfu.go:76.2,76.27 1 1
proks/internal/cache/tinylfu.go:77.3,78.1 1 0
proks/internal/cache/tinylfu.go:79.2,79.16 1 1
proks/internal/cache/tinylfu.go:83.2,83.28 1 1
proks/internal/cache/tinylfu.go:84.3,84.32 1 1
proks/internal/cache/tinylfu.go:85.4,85.28 1 1
proks/internal/cache/tinylfu.go:86.5,87.1 1 1
proks/internal/cache/tinylfu.go:93.2,95.28 3 0
proks/internal/cache/tinylfu.go:96.3,96.32 1 0
proks/internal/cache/tinylfu.go:97.4,98.1 1 0
proks/internal/cache/tinylfu.go:100.2,100.18 1 0
proks/internal/cache/tinylfu.go:104.2,105.1 1 1
proks/internal/cache/tinylfu.go:108.2,109.32 2 1
proks/internal/cache/tinylfu.go:110.3,112.1 2 1
proks/internal/cache/tinylfu.go:113.2,115.10 3 1
proks/internal/cache/tinylfu.go:127.2,128.1 1 1
proks/internal/cache/tinylfu.go:131.2,131.15 1 1
proks/internal/cache/tinylfu.go:132.3,133.1 1 0
proks/internal/cache/tinylfu.go:134.2,136.25 3 1
proks/internal/cache/tinylfu.go:140.2,140.15 1 1
proks/internal/cache/tinylfu.go:141.3,142.1 1 0
proks/internal/cache/tinylfu.go:143.2,145.31 3 1
proks/internal/cache/tinylfu.go:149.2,152.1 3 0
proks/internal/cache/tinylfu.go:162.2,167.1 1 1
proks/internal/cache/tinylfu.go:171.2,171.33 1 0
proks/internal/cache/tinylfu.go:172.3,173.1 1 0
proks/internal/cache/tinylfu.go:174.2,174.31 1 0
proks/internal/cache/tinylfu.go:178.2,178.33 1 1
proks/internal/cache/tinylfu.go:179.3,180.1 1 0
proks/internal/cache/tinylfu.go:181.2,183.21 3 1
proks/internal/cache/tinylfu.go:184.3,185.1 1 1
proks/internal/cache/tinylfu.go:186.2,186.43 1 1
proks/internal/cache/tinylfu.go:187.3,188.1 1 0
proks/internal/cache/tinylfu.go:189.2,189.88 1 1
proks/internal/cache/tinylfu.go:193.2,193.20 1 1
proks/internal/cache/tinylfu.go:194.3,195.1 1 0
proks/internal/cache/tinylfu.go:196.2,196.14 1 1
proks/internal/cache/tinylfu.go:197.3,198.1 1 0
proks/internal/cache/tinylfu.go:199.2,199.52 1 1
proks/internal/cache/tinylfu.go:200.3,201.1 1 1
proks/internal/cache/tinylfu.go:202.2,202.21 1 1
proks/internal/cache/tinylfu.go:203.3,204.1 1 0
proks/internal/cache/tinylfu.go:206.2,207.24 2 1
proks/internal/cache/tinylfu.go:208.3,209.1 1 0
proks/internal/cache/tinylfu.go:210.2,210.24 1 1
proks/internal/cache/tinylfu.go:211.3,212.1 1 0
proks/internal/cache/tinylfu.go:214.2,214.76 1 1
proks/internal/cache/tinylfu.go:215.3,216.1 1 1
proks/internal/cache/tinylfu.go:217.2,217.97 1 1
proks/internal/cache/tinylfu.go:218.3,219.1 1 1
proks/internal/cache/tinylfu.go:220.2,220.91 1 0
proks/internal/cache/tinylfu.go:221.3,222.38 2 0
proks/internal/cache/tinylfu.go:223.4,224.1 1 0
proks/internal/cache/tinylfu.go:226.2,226.58 1 0
proks/internal/cache/tinylfu.go:227.3,228.1 1 0
proks/internal/cache/tinylfu.go:229.2,229.13 1 0
proks/internal/events/events.go:38.2,40.1 1 1
proks/internal/events/events.go:44.2,47.1 4 1
proks/internal/events/events.go:48.2,48.19 4 1
proks/internal/events/events.go:49.3,52.1 3 1
proks/internal/events/events.go:54.2,54.20 1 1
proks/internal/events/events.go:58.2,60.28 3 1
proks/internal/events/events.go:61.3,63.1 2 1
proks/internal/events/events.go:64.2,67.1 4 1
proks/internal/events/events.go:68.2,68.14 4 1
proks/internal/events/events.go:69.3,70.1 1 1
proks/internal/events/events.go:71.2,71.12 1 1
proks/internal/events/events.go:75.2,78.1 3 1
proks/internal/events/events.go:91.2,92.16 2 0
proks/internal/events/events.go:93.3,94.1 1 0
proks/internal/events/events.go:96.2,97.16 2 0
proks/internal/events/events.go:98.3,100.1 2 0
proks/internal/events/events.go:102.2,103.16 2 0
proks/internal/events/events.go:104.3,107.1 3 0
proks/internal/events/events.go:109.2,113.8 1 0
proks/internal/events/events.go:117.2,120.1 8 0
proks/internal/events/events.go:121.2,124.1 8 0
proks/internal/events/events.go:125.2,126.16 8 0
proks/internal/events/events.go:127.3,128.1 1 0
proks/internal/events/events.go:130.2,133.1 3 0
proks/internal/events/events.go:135.2,136.16 3 0
proks/internal/events/events.go:137.3,138.1 1 0
proks/internal/events/events.go:140.2,141.16 2 0
proks/internal/events/events.go:142.3,143.1 1 0
proks/internal/events/events.go:145.2,146.16 2 0
proks/internal/events/events.go:147.3,148.1 1 0
proks/internal/events/events.go:150.2,152.1 3 0
proks/internal/events/events.go:153.2,153.20 3 0
proks/internal/events/events.go:157.2,157.6 1 0
proks/internal/events/events.go:158.3,158.10 1 0
proks/internal/events/events.go:160.4,160.10 1 0
proks/internal/events/events.go:162.4,162.11 1 0
proks/internal/events/events.go:163.5,164.1 1 0
proks/internal/events/events.go:165.4,166.54 2 0
proks/internal/events/events.go:167.5,168.13 2 0
proks/internal/events/events.go:171.4,173.29 3 0
proks/internal/events/events.go:174.5,176.13 3 0
proks/internal/events/events.go:178.4,179.1 2 0
proks/internal/events/events.go:180.4,180.60 2 0
proks/internal/events/events.go:181.5,183.1 2 0
proks/internal/events/events.go:184.5,188.1 4 0
proks/internal/events/events.go:194.2,196.1 3 0
proks/internal/events/events.go:197.2,197.35 3 0
proks/internal/events/events.go:198.3,198.35 1 0
proks/internal/events/events.go:199.4,200.1 1 0
proks/internal/events/events.go:201.3,201.10 1 0
proks/internal/events/events.go:203.4,203.20 1 0
proks/internal/events/events.go:204.30,204.30 0 0
proks/internal/events/events.go:206.3,206.15 1 0
proks/internal/events/events.go:208.2,208.12 1 0
proks/internal/events/events.go:212.2,213.16 2 0
proks/internal/events/events.go:214.3,215.1 1 0
proks/internal/events/events.go:217.2,228.3 1 0
proks/internal/events/events.go:232.2,232.17 1 0
proks/internal/events/events.go:233.3,234.1 1 0
proks/internal/events/events.go:235.2,235.19 1 0
proks/internal/events/events.go:236.3,237.1 1 0
proks/internal/predictor/ewma.go:13.2,13.29 1 1
proks/internal/predictor/ewma.go:14.3,15.1 1 0
proks/internal/predictor/ewma.go:16.2,16.28 1 1
proks/internal/predictor/ewma.go:20.2,22.20 3 1
proks/internal/predictor/ewma.go:23.3,26.1 3 1
proks/internal/predictor/ewma.go:27.2,28.18 2 1
proks/internal/predictor/ewma.go:32.2,35.1 3 1
proks/internal/predictor/ewma.go:49.2,49.29 1 1
proks/internal/predictor/ewma.go:50.3,51.1 1 0
proks/internal/predictor/ewma.go:52.2,52.31 1 1
proks/internal/predictor/ewma.go:53.3,54.1 1 0
proks/internal/predictor/ewma.go:55.2,61.1 1 1
proks/internal/predictor/ewma.go:65.2,65.15 1 1
proks/internal/predictor/ewma.go:66.3,67.1 1 0
proks/internal/predictor/ewma.go:68.2,70.33 3 1
proks/internal/predictor/ewma.go:71.3,72.1 1 1
proks/internal/predictor/ewma.go:73.2,74.33 2 1
proks/internal/predictor/ewma.go:78.2,78.15 1 1
proks/internal/predictor/ewma.go:79.3,80.1 1 0
proks/internal/predictor/ewma.go:81.2,84.36 4 1
proks/internal/predictor/ewma.go:85.3,86.1 1 1
proks/internal/predictor/ewma.go:87.2,88.21 2 1
proks/internal/predictor/ewma.go:89.3,90.1 1 0
proks/internal/predictor/ewma.go:91.2,92.18 2 1
proks/internal/predictor/ewma.go:93.3,94.1 1 1
proks/internal/predictor/ewma.go:95.2,95.10 1 1
proks/internal/predictor/ewma.go:99.2,99.15 1 0
proks/internal/predictor/ewma.go:100.3,101.1 1 0
proks/internal/predictor/ewma.go:102.2,102.13 1 0
proks/internal/predictor/ewma.go:103.3,104.1 1 0
proks/internal/predictor/ewma.go:105.2,105.28 1 0
proks/internal/predictor/ewma.go:109.2,109.30 1 0
proks/internal/predictor/ewma.go:110.3,111.1 1 0
proks/internal/predictor/ewma.go:112.2,112.50 1 0
proks/internal/predictor/ewma.go:116.2,117.1 1 0
proks/internal/predictor/ewma.go:120.2,120.22 1 1
proks/internal/predictor/ewma.go:121.3,122.1 1 0
proks/internal/predictor/ewma.go:123.2,126.22 4 1
proks/internal/predictor/ewma.go:127.3,128.1 1 0
proks/internal/predictor/ewma.go:129.2,130.15 2 1
proks/internal/predictor/ewma.go:131.3,132.1 1 1
proks/internal/predictor/ewma.go:133.2,133.27 1 1
proks/internal/predictor/ewma.go:137.2,137.15 1 1
proks/internal/predictor/ewma.go:138.3,139.1 1 0
proks/internal/predictor/ewma.go:140.2,143.23 4 1
proks/internal/predictor/markov.go:29.2,30.1 1 1
proks/internal/predictor/markov.go:33.2,33.30 1 1
proks/internal/predictor/markov.go:34.3,35.1 1 0
proks/internal/predictor/markov.go:36.2,38.1 3 1
proks/internal/predictor/markov.go:39.2,39.33 3 1
proks/internal/predictor/markov.go:40.3,41.1 1 1
proks/internal/predictor/markov.go:42.2,42.23 1 1
proks/internal/predictor/markov.go:46.2,48.1 4 1
proks/internal/predictor/markov.go:49.2,50.28 4 1
proks/internal/predictor/markov.go:51.3,52.1 1 0
proks/internal/predictor/markov.go:53.2,54.26 2 1
proks/internal/predictor/markov.go:55.3,56.1 1 1
proks/internal/predictor/markov.go:57.2,57.16 1 1
proks/internal/predictor/markov.go:58.3,59.1 1 0
proks/internal/predictor/markov.go:61.2,62.26 2 1
proks/internal/predictor/markov.go:63.3,64.1 1 1
proks/internal/predictor/markov.go:65.2,65.38 1 1
proks/internal/predictor/markov.go:65.40,65.88 1 1
proks/internal/predictor/markov.go:66.2,66.12 1 1
proks/internal/observability/metrics.go:28.2,80.1 4 1
proks/internal/observability/metrics.go:81.2,83.1 4 1
proks/internal/observability/metrics.go:86.2,86.23 1 0
proks/internal/observability/metrics.go:87.3,88.1 1 0
proks/internal/observability/metrics.go:89.2,89.22 1 0
proks/internal/observability/metrics.go:90.3,91.1 1 0
proks/internal/observability/metrics.go:92.2,92.23 1 0
proks/internal/observability/metrics.go:93.3,94.1 1 0
proks/internal/observability/metrics.go:95.2,95.21 1 0
proks/internal/observability/metrics.go:96.3,97.1 1 0
proks/internal/observability/metrics.go:100.53,100.72 1 1
proks/internal/observability/metrics.go:103.2,105.16 3 1
proks/internal/observability/metrics.go:107.3,107.15 1 1
proks/internal/observability/metrics.go:109.3,109.17 1 1
proks/internal/observability/metrics.go:111.3,111.19 1 0
proks/internal/observability/metrics.go:113.2,114.12 2 1
proks/internal/observability/metrics.go:118.2,118.14 1 1
proks/internal/observability/metrics.go:119.3,120.1 1 1
proks/internal/observability/metrics.go:121.2,121.14 1 1
proks/internal/observability/metrics.go:122.3,123.1 1 0
proks/internal/observability/metrics.go:124.2,124.13 1 1
proks/internal/observability/metrics.go:125.3,126.1 1 0
proks/internal/observability/metrics.go:130.2,131.1 1 1
proks/internal/observability/metrics.go:134.2,135.1 1 1
proks/internal/observability/metrics.go:138.2,139.1 1 1
proks/internal/observability/metrics.go:142.2,143.1 1 0
proks/internal/prefetcher/prefetcher.go:71.2,72.1 1 1
proks/internal/prefetcher/prefetcher.go:75.2,76.27 2 1
proks/internal/prefetcher/prefetcher.go:77.3,81.1 4 0
proks/internal/prefetcher/prefetcher.go:82.2,86.1 11 1
proks/internal/prefetcher/prefetcher.go:87.2,89.1 11 1
proks/internal/prefetcher/prefetcher.go:90.2,94.29 11 1
proks/internal/prefetcher/prefetcher.go:103.2,103.18 1 1
proks/internal/prefetcher/prefetcher.go:104.3,105.1 1 0
proks/internal/prefetcher/prefetcher.go:106.2,106.20 1 1
proks/internal/prefetcher/prefetcher.go:107.3,108.1 1 0
proks/internal/prefetcher/prefetcher.go:109.2,109.18 1 1
proks/internal/prefetcher/prefetcher.go:110.3,111.1 1 0
proks/internal/prefetcher/prefetcher.go:112.2,119.1 2 1
proks/internal/prefetcher/prefetcher.go:120.2,120.31 2 1
proks/internal/prefetcher/prefetcher.go:121.3,123.1 2 1
proks/internal/prefetcher/prefetcher.go:124.2,124.10 1 1
proks/internal/prefetcher/prefetcher.go:128.2,128.15 1 1
proks/internal/prefetcher/prefetcher.go:129.3,130.1 1 0
proks/internal/prefetcher/prefetcher.go:131.2,134.12 4 1
proks/internal/prefetcher/prefetcher.go:135.3,138.1 3 0
proks/internal/prefetcher/prefetcher.go:139.2,140.40 2 1
proks/internal/prefetcher/prefetcher.go:141.3,143.1 2 1
proks/internal/prefetcher/prefetcher.go:144.2,146.1 3 1
proks/internal/prefetcher/prefetcher.go:147.2,147.9 3 1
proks/internal/prefetcher/prefetcher.go:149.3,149.41 1 1
proks/internal/prefetcher/prefetcher.go:151.3,155.91 5 0
proks/internal/prefetcher/prefetcher.go:157.3,161.71 5 1
proks/internal/prefetcher/prefetcher.go:166.2,167.14 2 1
proks/internal/prefetcher/prefetcher.go:168.3,170.1 2 0
proks/internal/prefetcher/prefetcher.go:171.2,174.1 5 1
proks/internal/prefetcher/prefetcher.go:175.2,176.12 5 1
proks/internal/prefetcher/prefetcher.go:177.3,179.1 2 1
proks/internal/prefetcher/prefetcher.go:181.2,181.9 1 1
proks/internal/prefetcher/prefetcher.go:182.14,182.14 0 1
proks/internal/prefetcher/prefetcher.go:184.3,184.75 1 1
proks/internal/prefetcher/prefetcher.go:189.2,195.1 1 1
proks/internal/prefetcher/prefetcher.go:199.2,200.1 1 0
proks/internal/prefetcher/prefetcher.go:203.2,206.1 3 0
proks/internal/prefetcher/prefetcher.go:209.2,210.24 2 1
proks/internal/prefetcher/prefetcher.go:211.3,212.1 1 1
proks/internal/prefetcher/prefetcher.go:216.2,216.15 1 1
proks/internal/prefetcher/prefetcher.go:217.3,220.1 3 1
proks/internal/prefetcher/prefetcher.go:222.2,222.20 1 1
proks/internal/prefetcher/prefetcher.go:223.3,224.1 1 0
proks/internal/prefetcher/prefetcher.go:225.2,225.58 1 1
proks/internal/prefetcher/prefetcher.go:226.3,229.1 3 1
proks/internal/prefetcher/prefetcher.go:230.2,230.16 1 1
proks/internal/prefetcher/prefetcher.go:231.3,233.27 3 1
proks/internal/prefetcher/prefetcher.go:234.4,235.1 1 0
proks/internal/prefetcher/prefetcher.go:236.3,237.9 2 1
proks/internal/prefetcher/prefetcher.go:239.2,239.82 1 1
proks/internal/prefetcher/prefetcher.go:240.3,242.27 3 1
proks/internal/prefetcher/prefetcher.go:243.4,244.1 1 0
proks/internal/prefetcher/prefetcher.go:245.3,247.9 3 1
proks/internal/prefetcher/prefetcher.go:249.2,251.26 3 0
proks/internal/prefetcher/prefetcher.go:252.3,253.1 1 0
proks/internal/prefetcher/prefetcher.go:254.2,255.73 2 0
proks/internal/prefetcher/prefetcher.go:259.2,259.21 1 1
proks/internal/prefetcher/prefetcher.go:260.3,261.1 1 1
proks/internal/prefetcher/prefetcher.go:262.2,262.34 1 0
proks/internal/proxy/handler.go:32.3,33.1 1 1
proks/internal/proxy/handler.go:54.2,55.16 2 1
proks/internal/proxy/handler.go:56.3,57.1 1 0
proks/internal/proxy/handler.go:58.2,78.1 2 1
proks/internal/proxy/handler.go:79.2,79.15 2 1
proks/internal/proxy/handler.go:83.2,84.1 2 1
proks/internal/proxy/handler.go:85.2,85.30 2 1
proks/internal/proxy/handler.go:86.3,88.1 7 1
proks/internal/proxy/handler.go:89.3,94.1 7 1
proks/internal/proxy/handler.go:96.2,100.1 5 1
proks/internal/proxy/handler.go:101.2,101.15 5 1
proks/internal/proxy/handler.go:102.3,102.23 1 1
proks/internal/proxy/handler.go:103.4,104.1 1 1
proks/internal/proxy/handler.go:105.3,111.4 1 1
proks/internal/proxy/handler.go:114.2,114.52 1 1
proks/internal/proxy/handler.go:115.3,118.35 4 1
proks/internal/proxy/handler.go:119.4,122.1 3 0
proks/internal/proxy/handler.go:123.4,125.1 2 1
proks/internal/proxy/handler.go:127.3,130.22 4 1
proks/internal/proxy/handler.go:131.4,132.1 1 0
proks/internal/proxy/handler.go:133.3,136.9 4 1
proks/internal/proxy/handler.go:139.2,140.16 2 1
proks/internal/proxy/handler.go:141.3,141.23 1 0
proks/internal/proxy/handler.go:142.4,143.48 2 0
proks/internal/proxy/handler.go:144.5,145.1 1 0
proks/internal/proxy/handler.go:146.4,146.39 1 0
proks/internal/proxy/handler.go:148.3,149.9 2 0
proks/internal/proxy/handler.go:152.2,161.12 4 1
proks/internal/proxy/handler.go:162.3,162.58 1 1
proks/internal/proxy/handler.go:163.4,164.1 1 1
proks/internal/proxy/handler.go:166.2,166.22 1 1
proks/internal/proxy/handler.go:167.3,168.1 1 1
proks/internal/proxy/handler.go:170.2,171.12 2 1
proks/internal/proxy/handler.go:172.3,176.1 4 1
proks/internal/proxy/handler.go:177.3,181.1 4 1
proks/internal/proxy/handler.go:183.2,185.1 5 1
proks/internal/proxy/handler.go:186.2,188.44 5 1
proks/internal/proxy/handler.go:192.2,192.33 1 0
proks/internal/proxy/handler.go:193.3,194.1 1 0
proks/internal/proxy/handler.go:195.2,195.55 1 0
proks/internal/proxy/handler.go:196.3,196.203 1 0
proks/internal/proxy/handler.go:197.4,198.1 1 0
proks/internal/proxy/handler.go:203.2,203.16 1 1
proks/internal/proxy/handler.go:204.3,205.1 1 0
proks/internal/proxy/handler.go:206.2,206.62 1 1
proks/internal/proxy/handler.go:207.3,208.1 1 0
proks/internal/proxy/handler.go:209.2,209.18 1 1
proks/internal/proxy/handler.go:213.2,213.34 1 0
proks/internal/proxy/handler.go:214.3,215.1 1 0
proks/internal/proxy/handler.go:216.2,216.29 1 0
proks/internal/proxy/handler.go:220.2,220.14 1 1
proks/internal/proxy/handler.go:221.3,222.1 1 0
proks/internal/proxy/handler.go:223.2,223.50 1 1
proks/internal/proxy/handler.go:224.3,224.61 1 0
proks/internal/proxy/handler.go:225.4,226.1 1 0
proks/internal/proxy/handler.go:228.2,228.48 1 1
proks/internal/proxy/handler.go:229.3,230.17 2 0
proks/internal/proxy/handler.go:231.4,232.1 1 0
proks/internal/proxy/handler.go:234.2,234.10 1 1
proks/internal/proxy/handler.go:238.2,239.1 1 1
proks/internal/proxy/handler.go:242.2,242.26 1 1
proks/internal/proxy/handler.go:243.3,244.1 1 0
proks/internal/proxy/handler.go:245.2,246.12 2 1
proks/internal/proxy/handler.go:250.2,250.42 1 1
proks/internal/proxy/handler.go:251.3,252.1 1 0
proks/internal/proxy/handler.go:254.2,256.12 3 1
proks/internal/proxy/handler.go:257.3,258.1 1 1
proks/internal/proxy/handler.go:259.2,260.1 3 1
proks/internal/proxy/handler.go:261.2,262.1 3 1
proks/internal/proxy/handler.go:263.2,263.40 3 1
proks/internal/proxy/handler.go:264.3,264.34 1 1
proks/internal/proxy/handler.go:265.4,266.1 1 1
proks/internal/proxy/handler.go:268.3,269.33 2 1
proks/internal/proxy/handler.go:270.4,270.118 1 1
proks/internal/proxy/handler.go:271.5,272.1 1 1
proks/internal/proxy/handler.go:276.2,276.35 1 1
proks/internal/proxy/handler.go:277.3,277.53 1 1
proks/internal/proxy/handler.go:278.4,278.80 1 1
proks/internal/proxy/handler.go:279.5,280.1 1 1
proks/internal/proxy/handler.go:282.4,283.1 1 0
proks/internal/proxy/handler.go:286.2,286.22 1 1
proks/internal/proxy/handler.go:287.3,288.1 1 1
proks/internal/proxy/handler.go:289.2,289.12 1 1
proks/internal/proxy/handler.go:293.2,293.49 1 1
proks/internal/proxy/handler.go:294.3,294.61 1 1
proks/internal/proxy/handler.go:295.4,295.25 1 0
proks/internal/proxy/handler.go:296.5,297.1 1 0
proks/internal/proxy/handler.go:298.4,298.25 1 0
proks/internal/proxy/handler.go:299.5,300.1 1 0
proks/internal/proxy/handler.go:306.2,307.1 1 0
proks/internal/proxy/handler.go:310.2,310.33 1 0
proks/internal/proxy/handler.go:311.3,312.1 1 0
proks/internal/proxy/handler.go:313.2,313.39 1 0
proks/internal/proxy/handler.go:317.2,317.15 1 1
proks/internal/proxy/handler.go:318.3,319.1 1 0
proks/internal/proxy/handler.go:320.2,322.25 3 1
proks/internal/proxy/handler.go:323.3,324.1 1 0
proks/internal/proxy/handler.go:325.2,325.32 1 1
proks/internal/proxy/handler.go:329.2,329.15 1 1
proks/internal/proxy/handler.go:330.3,331.1 1 0
proks/internal/proxy/handler.go:332.2,334.25 3 1
proks/internal/proxy/handler.go:335.3,336.1 1 0
proks/internal/proxy/handler.go:337.2,338.9 2 1
proks/internal/proxy/handler.go:339.3,340.1 1 1
proks/internal/proxy/handler.go:341.2,342.42 2 0
proks/internal/proxy/handler.go:346.2,347.49 2 1
proks/internal/proxy/handler.go:348.3,349.43 2 1
proks/internal/proxy/handler.go:350.4,351.1 1 1
proks/internal/proxy/handler.go:352.3,352.61 1 0
proks/internal/proxy/handler.go:353.4,353.25 1 0
proks/internal/proxy/handler.go:354.5,355.18 2 0
proks/internal/proxy/handler.go:356.6,357.1 1 0
proks/internal/proxy/handler.go:358.5,359.38 2 0
proks/internal/proxy/handler.go:361.4,361.31 1 0
proks/internal/proxy/handler.go:362.5,362.69 1 0
proks/internal/proxy/handler.go:363.6,368.1 5 0
proks/internal/proxy/handler.go:372.2,372.16 1 0
proks/internal/proxy/handler.go:376.2,377.1 1 1
proks/internal/proxy/handler.go:380.2,380.31 1 1
proks/internal/proxy/handler.go:381.3,382.1 1 0
proks/internal/proxy/handler.go:383.2,384.35 2 1
proks/internal/proxy/handler.go:385.3,386.1 1 1
proks/internal/proxy/handler.go:387.2,388.20 2 0
proks/internal/proxy/handler.go:389.3,390.1 1 0
proks/internal/proxy/handler.go:394.2,394.14 1 1
proks/internal/proxy/handler.go:395.3,396.1 1 0
proks/internal/proxy/handler.go:397.2,397.131 1 1
proks/internal/proxy/handler.go:398.3,398.38 1 1
proks/internal/proxy/handler.go:399.4,400.1 1 0
proks/internal/proxy/handler.go:402.2,402.35 1 1
proks/internal/proxy/handler.go:403.3,403.59 1 0
proks/internal/proxy/handler.go:404.4,405.1 1 0
proks/internal/proxy/handler.go:407.2,407.45 1 1
proks/internal/proxy/handler.go:408.3,409.1 1 0
proks/internal/proxy/handler.go:410.2,410.52 1 1
proks/internal/proxy/handler.go:411.3,411.41 1 0
proks/internal/proxy/handler.go:412.4,413.1 1 0
proks/internal/proxy/handler.go:415.2,415.11 1 1
proks/internal/proxy/handler.go:419.2,419.13 1 0
proks/internal/proxy/handler.go:420.3,421.1 1 0
proks/internal/proxy/handler.go:422.2,422.114 1 0
proks/internal/proxy/handler.go:423.3,424.1 1 0
proks/internal/proxy/handler.go:425.2,425.33 1 0
proks/internal/proxy/handler.go:426.3,426.41 1 0
proks/internal/proxy/handler.go:427.4,428.1 1 0
proks/internal/proxy/handler.go:430.2,431.19 2 0
proks/internal/proxy/handler.go:432.3,433.1 1 0
proks/internal/proxy/handler.go:434.2,434.77 1 0
proks/internal/proxy/handler.go:438.2,438.19 1 1
proks/internal/proxy/handler.go:439.3,440.1 1 0
proks/internal/proxy/handler.go:441.2,443.26 3 1
proks/internal/proxy/handler.go:444.3,445.1 1 1
proks/internal/proxy/handler.go:446.2,448.20 3 1
proks/internal/proxy/handler.go:449.3,450.1 1 1
proks/internal/proxy/handler.go:451.2,451.47 1 1
proks/internal/proxy/handler.go:452.3,453.1 1 1
proks/internal/proxy/handler.go:454.2,455.14 2 1
proks/internal/proxy/handler.go:456.3,457.1 1 0
proks/internal/proxy/handler.go:458.2,458.62 1 1
proks/internal/proxy/handler.go:459.3,460.1 1 0
proks/internal/proxy/handler.go:461.2,461.36 1 1
proks/internal/proxy/handler.go:462.3,463.1 1 1
proks/internal/proxy/handler.go:464.2,467.22 4 1
proks/internal/proxy/handler.go:468.3,469.1 1 1
proks/internal/proxy/handler.go:470.2,471.36 2 1
proks/internal/proxy/handler.go:472.3,473.1 1 0
proks/internal/proxy/handler.go:477.2,478.21 2 1
proks/internal/proxy/handler.go:479.3,480.1 1 0
proks/internal/proxy/handler.go:481.2,481.31 1 1
proks/internal/proxy/handler.go:482.3,483.1 1 1
proks/internal/proxy/handler.go:484.2,485.56 2 1
proks/internal/proxy/handler.go:486.3,487.1 1 0
proks/internal/proxy/handler.go:488.2,488.66 1 1
proks/internal/proxy/handler.go:489.3,490.32 2 1
proks/internal/proxy/handler.go:491.4,492.1 1 0
proks/internal/proxy/handler.go:493.3,495.44 3 1
proks/internal/proxy/handler.go:496.4,497.1 1 1
proks/internal/proxy/handler.go:498.3,498.94 1 0
proks/internal/proxy/handler.go:499.4,500.1 1 0
proks/internal/proxy/handler.go:501.3,502.76 2 0
proks/internal/proxy/handler.go:503.4,504.1 1 0
proks/internal/proxy/handler.go:506.2,506.14 1 0
proks/internal/proxy/handler.go:510.2,511.1 1 1
proks/internal/proxy/handler.go:514.2,514.14 1 1
proks/internal/proxy/handler.go:515.3,516.1 1 0
proks/internal/proxy/handler.go:517.2,521.74 5 1
proks/internal/proxy/handler.go:525.2,527.44 3 1
proks/internal/proxy/handler.go:528.3,529.1 1 1
proks/internal/proxy/handler.go:530.2,530.49 1 0
proks/internal/proxy/handler.go:531.3,532.1 1 0
proks/internal/proxy/handler.go:533.2,533.16 1 0
proks/internal/proxy/handler.go:534.3,535.1 1 0
proks/internal/proxy/handler.go:536.2,536.43 1 0
proks/internal/proxy/handler.go:540.2,540.17 1 1
proks/internal/proxy/handler.go:541.3,542.1 1 1
proks/internal/proxy/handler.go:543.2,544.19 2 1
proks/internal/proxy/handler.go:545.3,546.1 1 1
proks/internal/proxy/handler.go:547.2,549.25 3 1
proks/internal/proxy/handler.go:550.3,553.1 3 1
proks/internal/proxy/handler.go:554.2,554.33 1 1
proks/internal/proxy/handler.go:558.2,558.46 1 1
proks/internal/proxy/handler.go:559.3,562.1 5 0
proks/internal/proxy/handler.go:563.3,564.56 5 0
proks/internal/proxy/handler.go:565.4,566.1 1 0
proks/internal/proxy/handler.go:567.3,568.1 5 0
proks/internal/proxy/handler.go:569.3,572.1 5 0
proks/internal/proxy/handler.go:573.3,573.52 5 0
proks/internal/proxy/handler.go:576.2,578.16 3 1
proks/internal/proxy/handler.go:579.3,580.1 1 0
proks/internal/proxy/handler.go:581.2,582.1 3 1
proks/internal/proxy/handler.go:583.2,584.16 3 1
proks/internal/proxy/handler.go:585.3,586.1 1 0
proks/internal/proxy/handler.go:587.2,587.15 1 1
proks/internal/proxy/handler.go:587.17,587.40 1 1
proks/internal/proxy/handler.go:589.2,592.1 5 1
proks/internal/proxy/handler.go:593.2,594.63 5 1
proks/internal/proxy/handler.go:595.3,596.1 1 0
proks/internal/proxy/handler.go:598.2,600.1 3 1
proks/internal/proxy/handler.go:601.2,601.64 3 1
proks/internal/proxy/handler.go:605.2,605.27 1 1
proks/internal/proxy/handler.go:606.3,607.26 2 1
proks/internal/proxy/handler.go:608.4,609.1 1 1
proks/internal/proxy/handler.go:614.2,615.1 1 0
proks/internal/proxy/handler.go:618.2,618.31 1 1
proks/internal/proxy/handler.go:619.3,620.1 1 0
proks/internal/proxy/handler.go:621.2,623.1 3 1
proks/internal/proxy/handler.go:624.2,624.31 3 1
proks/internal/proxy/handler.go:625.3,626.1 1 1
proks/internal/proxy/handler.go:627.2,627.38 1 1
proks/internal/proxy/handler.go:631.2,631.54 1 1
proks/internal/proxy/handler.go:632.3,633.53 2 1
proks/internal/proxy/handler.go:634.4,635.1 1 1
proks/internal/proxy/handler.go:636.3,636.14 1 0
proks/internal/proxy/handler.go:638.2,638.51 1 1
proks/internal/proxy/handler.go:639.3,640.54 2 0
proks/internal/proxy/handler.go:641.4,642.1 1 0
proks/internal/proxy/handler.go:643.3,643.14 1 0
proks/internal/proxy/handler.go:645.2,645.11 1 1
